// Jest Snapshot v1, https://goo.gl/fbAQLP

exports[`ArtistWidget should render correctly in mode 1`] = `
<div
  className="artistWidget"
>
  <img
    alt="avatar"
    src="https://s3.amazonaws.com/uifaces/faces/twitter/murrayswift/128.jpg"
  />
  <div
    id="artistName"
  >
    <span
      className="artistNameToolTipContainer"
      title="Visit ipsum's Profile"
    >
      ipsum
    </span>
  </div>
  <div
    className="followAndTrackCount"
  >
    <span
      className="ArtistFollowBadge"
      id={2134608}
      title="2,134,608 followers"
    >
      <span
        style={
          Object {
            "marginRight": "3px",
          }
        }
      >
        <FontAwesomeIcon
          border={false}
          className=""
          color="#999"
          fixedWidth={false}
          flip={null}
          icon={
            Object {
              "icon": Array [
                640,
                512,
                Array [],
                "f500",
                "M192 256c61.9 0 112-50.1 112-112S253.9 32 192 32 80 82.1 80 144s50.1 112 112 112zm76.8 32h-8.3c-20.8 10-43.9 16-68.5 16s-47.6-6-68.5-16h-8.3C51.6 288 0 339.6 0 403.2V432c0 26.5 21.5 48 48 48h288c26.5 0 48-21.5 48-48v-28.8c0-63.6-51.6-115.2-115.2-115.2zM480 256c53 0 96-43 96-96s-43-96-96-96-96 43-96 96 43 96 96 96zm48 32h-3.8c-13.9 4.8-28.6 8-44.2 8s-30.3-3.2-44.2-8H432c-20.4 0-39.2 5.9-55.7 15.4 24.4 26.3 39.7 61.2 39.7 99.8v38.4c0 2.2-.5 4.3-.6 6.4H592c26.5 0 48-21.5 48-48 0-61.9-50.1-112-112-112z",
              ],
              "iconName": "user-friends",
              "prefix": "fas",
            }
          }
          inverse={false}
          listItem={false}
          mask={null}
          pull={null}
          pulse={false}
          rotation={null}
          size={null}
          spin={false}
          symbol={false}
          title=""
          transform={null}
        />
      </span>
      <NumericLabel
        params={
          Object {
            "commafy": false,
            "currency": false,
            "justification": "L",
            "locales": "en-AU",
            "percentage": false,
            "precision": 1,
            "shortFormat": true,
            "shortFormatMinValue": 1001,
            "title": false,
          }
        }
      >
        2134608
      </NumericLabel>
    </span>
    <span
      className="ArtistTrackBadge"
      title="23 tracks"
    >
      <span
        style={
          Object {
            "marginRight": "3px",
          }
        }
      >
        <FontAwesomeIcon
          border={false}
          className=""
          color="#666"
          fixedWidth={false}
          flip={null}
          icon={
            Object {
              "icon": Array [
                512,
                512,
                Array [],
                "f025",
                "M256 32C114.52 32 0 146.496 0 288v48a32 32 0 0 0 17.689 28.622l14.383 7.191C34.083 431.903 83.421 480 144 480h24c13.255 0 24-10.745 24-24V280c0-13.255-10.745-24-24-24h-24c-31.342 0-59.671 12.879-80 33.627V288c0-105.869 86.131-192 192-192s192 86.131 192 192v1.627C427.671 268.879 399.342 256 368 256h-24c-13.255 0-24 10.745-24 24v176c0 13.255 10.745 24 24 24h24c60.579 0 109.917-48.098 111.928-108.187l14.382-7.191A32 32 0 0 0 512 336v-48c0-141.479-114.496-256-256-256z",
              ],
              "iconName": "headphones",
              "prefix": "fas",
            }
          }
          inverse={false}
          listItem={false}
          mask={null}
          padding-right="3px"
          pull={null}
          pulse={false}
          rotation={null}
          size={null}
          spin={false}
          symbol={false}
          title=""
          transform={null}
        />
      </span>
      23
    </span>
  </div>
  <FollowButton
    isFollowing={0}
  />
  <div
    className="reportButton"
    style={
      Object {
        "marginTop": "30px",
      }
    }
  >
    <span
      className="fa-layers fa-fw"
    >
      <FontAwesomeIcon
        border={false}
        className=""
        fixedWidth={false}
        flip={null}
        icon={
          Object {
            "icon": Array [
              448,
              512,
              Array [],
              "f0c8",
              "M400 32H48C21.5 32 0 53.5 0 80v352c0 26.5 21.5 48 48 48h352c26.5 0 48-21.5 48-48V80c0-26.5-21.5-48-48-48z",
            ],
            "iconName": "square",
            "prefix": "fas",
          }
        }
        inverse={false}
        listItem={false}
        mask={null}
        pull={null}
        pulse={false}
        rotation={null}
        size="1x"
        spin={false}
        symbol={false}
        title=""
        transform={
          Object {
            "rotate": 45,
          }
        }
      />
      <span
        style={
          Object {
            "fontSize": "7px",
          }
        }
      >
        <FontAwesomeIcon
          border={false}
          className=""
          color="#fff"
          fixedWidth={false}
          flip={null}
          icon={
            Object {
              "icon": Array [
                192,
                512,
                Array [],
                "f12a",
                "M176 432c0 44.112-35.888 80-80 80s-80-35.888-80-80 35.888-80 80-80 80 35.888 80 80zM25.26 25.199l13.6 272C39.499 309.972 50.041 320 62.83 320h66.34c12.789 0 23.331-10.028 23.97-22.801l13.6-272C167.425 11.49 156.496 0 142.77 0H49.23C35.504 0 24.575 11.49 25.26 25.199z",
              ],
              "iconName": "exclamation",
              "prefix": "fas",
            }
          }
          inverse={false}
          listItem={false}
          mask={null}
          pull={null}
          pulse={false}
          rotation={null}
          size="1x"
          spin={false}
          symbol={false}
          title=""
          transform={null}
        />
      </span>
    </span>
      Report
  </div>
</div>
`;
